exports[`test extra metadata 1`] = `
Object {
  "author": "Foo Bar <foo@example.com>",
  "build": Object {
    "appId": "org.electron-builder.testApp",
    "compression": "store",
    "electronVersion": "1.4.12",
    "iconUrl": "https://raw.githubusercontent.com/szwacz/electron-boilerplate/master/resources/windows/icon.ico",
    "linux": Object {
      "category": "Development",
      "packageCategory": "devel",
    },
    "mac": Object {
      "category": "your.app.category.type",
    },
    "npmRebuild": false,
  },
  "description": "Test Application (test quite \" #378)",
  "foo": Object {
    "bar": 12,
    "existingProp": 22,
  },
  "homepage": "http://foo.example.com",
  "license": "MIT",
  "name": "TestApp",
  "private": true,
  "productName": "Test App ÃŸ/W",
  "version": "1.1.0",
}
`;
