exports[`test link 1`] = `
Object {
  "link": "index.js",
}
`;
