// Jest Snapshot v1, https://goo.gl/fbAQLP

exports[`conflict versions 1`] = `
Object {
  "linux": Array [],
}
`;

exports[`conflict versions 2`] = `
Object {
  "files": Object {
    "index.html": Object {
      "offset": "0",
      "size": 841,
    },
    "index.js": Object {
      "offset": "841",
      "size": 4371,
    },
    "node_modules": Object {
      "files": Object {
        "foo": Object {
          "files": Object {
            "package.json": Object {
              "offset": "5513",
              "size": 127,
            },
          },
        },
        "ms": Object {
          "files": Object {
            "index.js": Object {
              "offset": "9950",
              "size": 3034,
            },
            "license.md": Object {
              "offset": "12984",
              "size": 1077,
            },
            "package.json": Object {
              "offset": "14061",
              "size": 470,
            },
          },
        },
      },
    },
    "package.json": Object {
      "offset": "5212",
      "size": 301,
    },
  },
}
`;

exports[`yarn several workspaces 1`] = `
Object {
  "linux": Array [],
}
`;

exports[`yarn several workspaces 2`] = `
Object {
  "files": Object {
    "index.html": Object {
      "offset": "0",
      "size": 841,
    },
    "index.js": Object {
      "offset": "841",
      "size": 4371,
    },
    "node_modules": Object {
      "files": Object {
        "electron-log": Object {
          "files": Object {
            "LICENSE": Object {
              "offset": "9832",
              "size": 1082,
            },
            "index.js": Object {
              "offset": "10914",
              "size": 140,
            },
            "lib": Object {
              "files": Object {
                "format.js": Object {
                  "offset": "14120",
                  "size": 1021,
                },
                "log.js": Object {
                  "offset": "15141",
                  "size": 877,
                },
                "transports": Object {
                  "files": Object {
                    "console.js": Object {
                      "offset": "16018",
                      "size": 343,
                    },
                    "file": Object {
                      "files": Object {
                        "find-log-path.js": Object {
                          "offset": "18656",
                          "size": 2078,
                        },
                        "get-app-name.js": Object {
                          "offset": "20734",
                          "size": 1780,
                        },
                        "index.js": Object {
                          "offset": "22514",
                          "size": 2068,
                        },
                      },
                    },
                    "log-s.js": Object {
                      "offset": "16361",
                      "size": 1751,
                    },
                    "renderer-console.js": Object {
                      "offset": "18112",
                      "size": 544,
                    },
                  },
                },
              },
            },
            "main.js": Object {
              "offset": "11054",
              "size": 1343,
            },
            "package.json": Object {
              "offset": "12397",
              "size": 745,
            },
            "renderer.js": Object {
              "offset": "13142",
              "size": 978,
            },
          },
        },
        "ms": Object {
          "files": Object {
            "index.js": Object {
              "offset": "5522",
              "size": 2764,
            },
            "license.md": Object {
              "offset": "8286",
              "size": 1077,
            },
            "package.json": Object {
              "offset": "9363",
              "size": 469,
            },
          },
        },
      },
    },
    "package.json": Object {
      "offset": "5212",
      "size": 310,
    },
  },
}
`;

exports[`yarn workspace 1`] = `
Object {
  "linux": Array [],
}
`;

exports[`yarn workspace 2`] = `
Object {
  "files": Object {
    "index.html": Object {
      "offset": "0",
      "size": 841,
    },
    "index.js": Object {
      "offset": "841",
      "size": 4371,
    },
    "node_modules": Object {
      "files": Object {
        "@sentry": Object {
          "files": Object {
            "core": Object {
              "files": Object {
                "LICENSE": Object {
                  "offset": "5592",
                  "size": 1527,
                },
                "dist": Object {
                  "files": Object {
                    "base.js": Object {
                      "offset": "7885",
                      "size": 17489,
                    },
                    "base.js.map": Object {
                      "offset": "25374",
                      "size": 16432,
                    },
                    "dsn.js": Object {
                      "offset": "41806",
                      "size": 4214,
                    },
                    "dsn.js.map": Object {
                      "offset": "46020",
                      "size": 5742,
                    },
                    "error.js": Object {
                      "offset": "51762",
                      "size": 1180,
                    },
                    "error.js.map": Object {
                      "offset": "52942",
                      "size": 844,
                    },
                    "index.js": Object {
                      "offset": "53786",
                      "size": 475,
                    },
                    "index.js.map": Object {
                      "offset": "54261",
                      "size": 589,
                    },
                    "interfaces.js": Object {
                      "offset": "54850",
                      "size": 649,
                    },
                    "interfaces.js.map": Object {
                      "offset": "55499",
                      "size": 11257,
                    },
                    "sdk.js": Object {
                      "offset": "66756",
                      "size": 1039,
                    },
                    "sdk.js.map": Object {
                      "offset": "67795",
                      "size": 1554,
                    },
                    "status.js": Object {
                      "offset": "69349",
                      "size": 1630,
                    },
                    "status.js.map": Object {
                      "offset": "70979",
                      "size": 2118,
                    },
                  },
                },
                "package.json": Object {
                  "offset": "7119",
                  "size": 766,
                },
              },
            },
            "shim": Object {
              "files": Object {
                "LICENSE": Object {
                  "offset": "73097",
                  "size": 1527,
                },
                "dist": Object {
                  "files": Object {
                    "domain.js": Object {
                      "offset": "90903",
                      "size": 672,
                    },
                    "domain.js.map": Object {
                      "offset": "91575",
                      "size": 1230,
                    },
                    "global.js": Object {
                      "offset": "92805",
                      "size": 500,
                    },
                    "global.js.map": Object {
                      "offset": "93305",
                      "size": 906,
                    },
                    "index.js": Object {
                      "offset": "94211",
                      "size": 826,
                    },
                    "index.js.map": Object {
                      "offset": "95037",
                      "size": 920,
                    },
                    "interfaces.js": Object {
                      "offset": "95957",
                      "size": 115,
                    },
                    "interfaces.js.map": Object {
                      "offset": "96072",
                      "size": 501,
                    },
                    "models.js": Object {
                      "offset": "96573",
                      "size": 522,
                    },
                    "models.js.map": Object {
                      "offset": "97095",
                      "size": 2711,
                    },
                    "sdk.js": Object {
                      "offset": "99806",
                      "size": 7245,
                    },
                    "sdk.js.map": Object {
                      "offset": "107051",
                      "size": 10056,
                    },
                    "shim.js": Object {
                      "offset": "117107",
                      "size": 4438,
                    },
                    "shim.js.map": Object {
                      "offset": "121545",
                      "size": 6607,
                    },
                  },
                },
                "jest.config.js": Object {
                  "offset": "74624",
                  "size": 265,
                },
                "package.json": Object {
                  "offset": "74889",
                  "size": 705,
                },
                "src": Object {
                  "files": Object {
                    "domain.ts": Object {
                      "offset": "76088",
                      "size": 630,
                    },
                    "global.ts": Object {
                      "offset": "76718",
                      "size": 510,
                    },
                    "index.ts": Object {
                      "offset": "77228",
                      "size": 421,
                    },
                    "interfaces.ts": Object {
                      "offset": "77649",
                      "size": 352,
                    },
                    "models.ts": Object {
                      "offset": "78001",
                      "size": 2213,
                    },
                    "sdk.ts": Object {
                      "offset": "80214",
                      "size": 6858,
                    },
                    "shim.ts": Object {
                      "offset": "87072",
                      "size": 3831,
                    },
                  },
                },
                "tsconfig.build.json": Object {
                  "offset": "75594",
                  "size": 160,
                },
                "tsconfig.json": Object {
                  "offset": "75754",
                  "size": 244,
                },
                "tslint.json": Object {
                  "offset": "75998",
                  "size": 90,
                },
              },
            },
          },
        },
        "electron-log": Object {
          "files": Object {
            "LICENSE": Object {
              "offset": "128152",
              "size": 1082,
            },
            "index.js": Object {
              "offset": "129234",
              "size": 140,
            },
            "lib": Object {
              "files": Object {
                "format.js": Object {
                  "offset": "132440",
                  "size": 1021,
                },
                "log.js": Object {
                  "offset": "133461",
                  "size": 877,
                },
                "transports": Object {
                  "files": Object {
                    "console.js": Object {
                      "offset": "134338",
                      "size": 343,
                    },
                    "file": Object {
                      "files": Object {
                        "find-log-path.js": Object {
                          "offset": "136976",
                          "size": 2078,
                        },
                        "get-app-name.js": Object {
                          "offset": "139054",
                          "size": 1780,
                        },
                        "index.js": Object {
                          "offset": "140834",
                          "size": 2068,
                        },
                      },
                    },
                    "log-s.js": Object {
                      "offset": "134681",
                      "size": 1751,
                    },
                    "renderer-console.js": Object {
                      "offset": "136432",
                      "size": 544,
                    },
                  },
                },
              },
            },
            "main.js": Object {
              "offset": "129374",
              "size": 1343,
            },
            "package.json": Object {
              "offset": "130717",
              "size": 745,
            },
            "renderer.js": Object {
              "offset": "131462",
              "size": 978,
            },
          },
        },
      },
    },
    "package.json": Object {
      "offset": "5212",
      "size": 380,
    },
  },
}
`;
