exports[`test repo slug from APPVEYOR 1`] = `
Object {
  "auth": null,
  "browsetemplate": "https://{domain}/{user}/{project}{/tree/committish}",
  "bugstemplate": "https://{domain}/{user}/{project}/issues",
  "committish": null,
  "default": "shortcut",
  "docstemplate": "https://{domain}/{user}/{project}{/tree/committish}#readme",
  "domain": "github.com",
  "filetemplate": "https://{auth@}raw.githubusercontent.com/{user}/{project}/{committish}/{path}",
  "gittemplate": "git://{auth@}{domain}/{user}/{project}.git{#committish}",
  "httpstemplate": "git+https://{auth@}{domain}/{user}/{project}.git{#committish}",
  "pathmatch": /^[\\/]([^\\/]+)[\\/]([^\\/]+?)(?:[.]git)?$/,
  "pathtemplate": "{user}/{project}{#committish}",
  "project": "travis-build",
  "protocols": Array [
    "git",
    "http",
    "git+ssh",
    "git+https",
    "ssh",
    "https",
  ],
  "protocols_re": /^(git|http|git\\+ssh|git\\+https|ssh|https):$/,
  "shortcuttemplate": "{type}:{user}/{project}{#committish}",
  "sshtemplate": "git@{domain}:{user}/{project}.git{#committish}",
  "sshurltemplate": "git+ssh://git@{domain}/{user}/{project}.git{#committish}",
  "treepath": "tree",
  "type": "github",
  "user": "travis-ci",
}
`;

exports[`test repo slug from TRAVIS_REPO_SLUG 1`] = `
Object {
  "auth": null,
  "browsetemplate": "https://{domain}/{user}/{project}{/tree/committish}",
  "bugstemplate": "https://{domain}/{user}/{project}/issues",
  "committish": null,
  "default": "shortcut",
  "docstemplate": "https://{domain}/{user}/{project}{/tree/committish}#readme",
  "domain": "github.com",
  "filetemplate": "https://{auth@}raw.githubusercontent.com/{user}/{project}/{committish}/{path}",
  "gittemplate": "git://{auth@}{domain}/{user}/{project}.git{#committish}",
  "httpstemplate": "git+https://{auth@}{domain}/{user}/{project}.git{#committish}",
  "pathmatch": /^[\\/]([^\\/]+)[\\/]([^\\/]+?)(?:[.]git)?$/,
  "pathtemplate": "{user}/{project}{#committish}",
  "project": "travis-build",
  "protocols": Array [
    "git",
    "http",
    "git+ssh",
    "git+https",
    "ssh",
    "https",
  ],
  "protocols_re": /^(git|http|git\\+ssh|git\\+https|ssh|https):$/,
  "shortcuttemplate": "{type}:{user}/{project}{#committish}",
  "sshtemplate": "git@{domain}:{user}/{project}.git{#committish}",
  "sshurltemplate": "git+ssh://git@{domain}/{user}/{project}.git{#committish}",
  "treepath": "tree",
  "type": "github",
  "user": "travis-ci",
}
`;
