exports[`test one-click 1`] = `
Object {
  "owner": "actperepo",
  "package": "TestApp",
  "provider": "bintray",
}
`;
